
error: end of tree file.CODONML in paml version 4.10.10, 29 Jan 2026


     5328 bytes for distance
   129808 bytes for conP
     3192 bytes for fhK
  5000000 bytes for space

TREE #  1
((((((17, 19), ((((((((((((((((((((((((((37, 35), 33), 32), 31), 30), 29), 28), 27), 25), 24), 22), 21), 20), 15), 14), 13), 11), 10), 9), 8), 7), 5), 4), (12, 36)), (6, 23)), 34)), (3, (16, 18))), 1), 26), 2);   MP score: 95
This is a rooted tree, without clock.  Check.

  2336544 bytes for conP, adjusted

initial w for M2:NSpselection reset.

ntime & nrate & np:    72     3    77
Qfactor_NS = 4.904725
Out..
lnL  = -2863.183856
7731 lfun, 30924 eigenQcodon, 1669896 P(t)

BEBing (dim = 4).  This may take several minutes.
Calculating f(x_h|w): 10 categories 21 w sets.
Calculating f(X), the marginal likelihood.
	log(fX) = -2868.041511  S = -2724.228020  -152.186793
Calculating f(w|X), posterior probabilities of site classes.
	did  10 / 133 patterns   7:27	did  20 / 133 patterns   7:27	did  30 / 133 patterns   7:27	did  40 / 133 patterns   7:27	did  50 / 133 patterns   7:27	did  60 / 133 patterns   7:27	did  70 / 133 patterns   7:27	did  80 / 133 patterns   7:27	did  90 / 133 patterns   7:27	did 100 / 133 patterns   7:27	did 110 / 133 patterns   7:27	did 120 / 133 patterns   7:27	did 130 / 133 patterns   7:27	did 133 / 133 patterns   7:27