
error: end of tree file.CODONML in paml version 4.10.10, 29 Jan 2026


     5328 bytes for distance
   129808 bytes for conP
     5320 bytes for fhK
  5000000 bytes for space

TREE #  1
((((((17, 19), ((((((((((((((((((((((((((37, 35), 33), 32), 31), 30), 29), 28), 27), 25), 24), 22), 21), 20), 15), 14), 13), 11), 10), 9), 8), 7), 5), 4), (12, 36)), (6, 23)), 34)), (3, (16, 18))), 1), 26), 2);   MP score: 95
This is a rooted tree, without clock.  Check.

  2336544 bytes for conP, adjusted

initial w for M8:NSbetaw>1 reset.

ntime & nrate & np:    72     2    77
Qfactor_NS = 9.367536
Out..
lnL  = -2865.025739
8326 lfun, 49956 eigenQcodon, 2997360 P(t)

BEBing (dim = 4).  This may take several minutes.
Calculating f(x_h|w): 10 categories 20 w sets.
Calculating f(X), the marginal likelihood.
	log(fX) = -2867.762710  S = -2724.200287  -172.409590
Calculating f(w|X), posterior probabilities of site classes.
	did  10 / 133 patterns  13:41	did  20 / 133 patterns  13:41	did  30 / 133 patterns  13:41	did  40 / 133 patterns  13:41	did  50 / 133 patterns  13:41	did  60 / 133 patterns  13:41	did  70 / 133 patterns  13:41	did  80 / 133 patterns  13:41	did  90 / 133 patterns  13:41	did 100 / 133 patterns  13:41	did 110 / 133 patterns  13:41	did 120 / 133 patterns  13:41	did 130 / 133 patterns  13:42	did 133 / 133 patterns  13:42